
   PASS  Tests\Unit\ArticleSearchRoundTripTest
  Γ£ô it finds every indexed published article by its unique title tokΓÇª 0.88s  
  Γ£ô it finds every indexed published article by its unique title tokΓÇª 0.18s  
  Γ£ô it finds every indexed published article by its unique title tokΓÇª 0.09s  
  Γ£ô it finds every indexed published article by its unique title tokΓÇª 0.12s  
  Γ£ô it finds every indexed published article by its unique title tokΓÇª 0.12s  
  Γ£ô it finds every indexed published article by its unique title tokΓÇª 0.20s  
  Γ£ô it finds every indexed published article by its unique title tokΓÇª 0.12s  
  Γ£ô it finds every indexed published article by its unique title tokΓÇª 0.13s  
  Γ£ô it finds every indexed published article by its unique title tokΓÇª 0.14s  
  Γ£ô it finds every indexed published article by its unique title tokΓÇª 0.12s  
  Γ£ô it finds every indexed published article by its unique title tokΓÇª 0.17s  
  Γ£ô it finds every indexed published article by its unique title tokΓÇª 0.21s  
  Γ£ô it finds every indexed published article by its unique title tokΓÇª 0.15s  
  Γ£ô it finds every indexed published article by its unique title tokΓÇª 0.15s  
  Γ£ô it finds every indexed published article by its unique title tokΓÇª 0.09s  
  Γ£ô it finds every indexed published article by its unique title tokΓÇª 0.11s  
  Γ£ô it finds every indexed published article by its unique title tokΓÇª 0.13s  
  Γ£ô it finds every indexed published article by its unique title tokΓÇª 0.13s  
  Γ£ô it finds every indexed published article by its unique title tokΓÇª 0.15s  
  Γ£ô it finds every indexed published article by its unique title tokΓÇª 0.14s  
  Γ£ô it finds every indexed published article by its unique title tokΓÇª 0.22s  
  Γ£ô it finds every indexed published article by its unique title tokΓÇª 0.11s  
  Γ£ô it finds every indexed published article by its unique title tokΓÇª 0.11s  
  Γ£ô it finds every indexed published article by its unique title tokΓÇª 0.10s  
  Γ£ô it finds every indexed published article by its unique title tokΓÇª 0.15s  
  Γ£ô it finds every indexed published article by its unique title tokΓÇª 0.19s  
  Γ£ô it finds every indexed published article by its unique title tokΓÇª 0.19s  
  Γ£ô it finds every indexed published article by its unique title tokΓÇª 0.09s  
  Γ£ô it finds every indexed published article by its unique title tokΓÇª 0.19s  
  Γ£ô it finds every indexed published article by its unique title tokΓÇª 0.24s  
  Γ£ô it finds every indexed published article by its unique title tokΓÇª 0.14s  
  Γ£ô it finds every indexed published article by its unique title tokΓÇª 0.23s  
  Γ£ô it finds every indexed published article by its unique title tokΓÇª 0.12s  
  Γ£ô it finds every indexed published article by its unique title tokΓÇª 0.13s  
  Γ£ô it finds every indexed published article by its unique title tokΓÇª 0.18s  
  Γ£ô it finds every indexed published article by its unique title tokΓÇª 0.17s  
  Γ£ô it finds every indexed published article by its unique title tokΓÇª 0.10s  
  Γ£ô it finds every indexed published article by its unique title tokΓÇª 0.10s  
  Γ£ô it finds every indexed published article by its unique title tokΓÇª 0.14s  
  Γ£ô it finds every indexed published article by its unique title tokΓÇª 0.09s  
  Γ£ô it finds every indexed published article by its unique title tokΓÇª 0.14s  
  Γ£ô it finds every indexed published article by its unique title tokΓÇª 0.10s  
  Γ£ô it finds every indexed published article by its unique title tokΓÇª 0.21s  
  Γ£ô it finds every indexed published article by its unique title tokΓÇª 0.12s  
  Γ£ô it finds every indexed published article by its unique title tokΓÇª 0.18s  
  Γ£ô it finds every indexed published article by its unique title tokΓÇª 0.09s  
  Γ£ô it finds every indexed published article by its unique title tokΓÇª 0.17s  
  Γ£ô it finds every indexed published article by its unique title tokΓÇª 0.13s  
  Γ£ô it finds every indexed published article by its unique title tokΓÇª 0.10s  
  Γ£ô it finds every indexed published article by its unique title tokΓÇª 0.16s  
  Γ£ô it finds every indexed published article by its unique title tokΓÇª 0.12s  
  Γ£ô it finds every indexed published article by its unique title tokΓÇª 0.18s  
  Γ£ô it finds every indexed published article by its unique title tokΓÇª 0.20s  
  Γ£ô it finds every indexed published article by its unique title tokΓÇª 0.08s  
  Γ£ô it finds every indexed published article by its unique title tokΓÇª 0.19s  
  Γ£ô it finds every indexed published article by its unique title tokΓÇª 0.09s  
  Γ£ô it finds every indexed published article by its unique title tokΓÇª 0.09s  
  Γ£ô it finds every indexed published article by its unique title tokΓÇª 0.13s  
  Γ£ô it finds every indexed published article by its unique title tokΓÇª 0.28s  
  Γ£ô it finds every indexed published article by its unique title tokΓÇª 0.15s  
  Γ£ô it finds every indexed published article by its unique title tokΓÇª 0.14s  
  Γ£ô it finds every indexed published article by its unique title tokΓÇª 0.08s  
  Γ£ô it finds every indexed published article by its unique title tokΓÇª 0.14s  
  Γ£ô it finds every indexed published article by its unique title tokΓÇª 0.11s  
  Γ£ô it finds every indexed published article by its unique title tokΓÇª 0.13s  
  Γ£ô it finds every indexed published article by its unique title tokΓÇª 0.13s  
  Γ£ô it finds every indexed published article by its unique title tokΓÇª 0.09s  
  Γ£ô it finds every indexed published article by its unique title tokΓÇª 0.17s  
  Γ£ô it finds every indexed published article by its unique title tokΓÇª 0.07s  
  Γ£ô it finds every indexed published article by its unique title tokΓÇª 0.18s  
  Γ£ô it finds every indexed published article by its unique title tokΓÇª 0.16s  
  Γ£ô it finds every indexed published article by its unique title tokΓÇª 0.19s  
  Γ£ô it finds every indexed published article by its unique title tokΓÇª 0.16s  
  Γ£ô it finds every indexed published article by its unique title tokΓÇª 0.13s  
  Γ£ô it finds every indexed published article by its unique title tokΓÇª 0.16s  
  Γ£ô it finds every indexed published article by its unique title tokΓÇª 0.15s  
  Γ£ô it finds every indexed published article by its unique title tokΓÇª 0.16s  
  Γ£ô it finds every indexed published article by its unique title tokΓÇª 0.08s  
  Γ£ô it finds every indexed published article by its unique title tokΓÇª 0.17s  
  Γ£ô it finds every indexed published article by its unique title tokΓÇª 0.12s  
  Γ£ô it finds every indexed published article by its unique title tokΓÇª 0.12s  
  Γ£ô it finds every indexed published article by its unique title tokΓÇª 0.10s  
  Γ£ô it finds every indexed published article by its unique title tokΓÇª 0.16s  
  Γ£ô it finds every indexed published article by its unique title tokΓÇª 0.11s  
  Γ£ô it finds every indexed published article by its unique title tokΓÇª 0.16s  
  Γ£ô it finds every indexed published article by its unique title tokΓÇª 0.16s  
  Γ£ô it finds every indexed published article by its unique title tokΓÇª 0.21s  
  Γ£ô it finds every indexed published article by its unique title tokΓÇª 0.09s  
  Γ£ô it finds every indexed published article by its unique title tokΓÇª 0.10s  
  Γ£ô it finds every indexed published article by its unique title tokΓÇª 0.10s  
  Γ£ô it finds every indexed published article by its unique title tokΓÇª 0.20s  
  Γ£ô it finds every indexed published article by its unique title tokΓÇª 0.09s  
  Γ£ô it finds every indexed published article by its unique title tokΓÇª 0.16s  
  Γ£ô it finds every indexed published article by its unique title tokΓÇª 0.10s  
  Γ£ô it finds every indexed published article by its unique title tokΓÇª 0.18s  
  Γ£ô it finds every indexed published article by its unique title tokΓÇª 0.17s  
  Γ£ô it finds every indexed published article by its unique title tokΓÇª 0.14s  
  Γ£ô it finds every indexed published article by its unique title tokΓÇª 0.10s  
  Γ£ô it finds every indexed published article by its unique title tokΓÇª 0.17s  
  Γ£ô it finds every indexed published article by its unique title tokΓÇª 0.13s  

  Tests:    100 passed (833 assertions)
  Duration: 15.17s

